// Jest Snapshot v1, https://goo.gl/fbAQLP

exports[`/auth/spotify/token when making API request makes correct API request 1`] = `
Array [
  Array [
    Object {
      "data": Object {
        "code": "code",
        "grant_type": "authorization_code",
        "redirect_uri": undefined,
      },
      "headers": Object {
        "Authorization": "credentials",
        "Content-Type": "application/x-www-form-urlencoded",
      },
      "method": "post",
      "url": undefined,
    },
  ],
]
`;
